{
"header": {
  "magic_number": 3735928559,
  "header_size": 36,
  "version_maj": 0,
  "version_min": 1,
  "entrypoints_offset": 36,
  "pipeline_layout_offset": 80,
  "image_to_cis_map_offset": 124,
  "sampler_to_cis_map_offset": 144,
  "user_metadata_offset": 164
},
"entrypoints": { 
  "vertex": "VSMain",
  "fragment": "PSMain"
},
"pipeline_layout": {
  "descriptor_sets": [
    {
      "set": 0,
      "descriptors": [
        {
          "binding": 1,
          "type": "UNIFORM_BUFFER",
          "stage_vis": 2
        },
        {
          "binding": 2,
          "type": "IMAGE",
          "stage_vis": 2
        },
        {
          "binding": 3,
          "type": "SAMPLER",
          "stage_vis": 2
        }
      ]
    }
  ]
},
"image_to_cis_map": {
  "entries": [
    {
      "entry": 0,
      "separate_set_id": 0,
      "separate_binding_id": 2,
      "combined_ids": [0]
    }
  ]
},
"sampler_to_cis_map": {
  "entries": [
    {
      "entry": 0,
      "separate_set_id": 0,
      "separate_binding_id": 3,
      "combined_ids": [0]
    }
  ]
},
"user_metadata": {
}
}
