{
"header": {
  "magic_number": 3735928559,
  "header_size": 36,
  "version_maj": 0,
  "version_min": 1,
  "entrypoints_offset": 36,
  "pipeline_layout_offset": 80,
  "image_to_cis_map_offset": 88,
  "sampler_to_cis_map_offset": 92,
  "user_metadata_offset": 96
},
"entrypoints": { 
  "vertex": "VSMain",
  "fragment": "PSMain"
},
"pipeline_layout": {
  "descriptor_sets": [
    {
      "set": 0,
      "descriptors": [
      ]
    }
  ]
},
"image_to_cis_map": {
  "entries": [
  ]
},
"sampler_to_cis_map": {
  "entries": [
  ]
},
"user_metadata": {
}
}
