{
"header": {
  "magic_number": 3735928559,
  "header_size": 32,
  "version_maj": 0,
  "version_min": 1,
  "pipeline_layout_offset": 32,
  "image_to_cis_map_offset": 52,
  "sampler_to_cis_map_offset": 72,
  "user_metadata_offset": 92
},
"pipeline_layout": {
  "descriptor_sets": [
    {
      "set": 0,
      "descriptors": [
        {
          "binding": 0,
          "type": "IMAGE",
          "stage_vis": 2
        }
      ]
    }
  ]
},
"image_to_cis_map": {
  "entries": [
    {
      "entry": 0,
      "separate_set_id": 0,
      "separate_binding_id": 0,
      "combined_ids": [0]
    }
  ]
},
"sampler_to_cis_map": {
  "entries": [
    {
      "entry": 0,
      "separate_set_id": 0,
      "separate_binding_id": 0,
      "combined_ids": [0]
    }
  ]
},
"user_metadata": {
}
}
